// Jest Snapshot v1, https://goo.gl/fbAQLP

exports[`Control panel: details tests Component markup Basic marup 1`] = `"<div class=\\"css-1vwsum4\\"><h3>Перевод № Test id</h3><div class=\\"css-ubpv4x\\"><div><div class=\\"css-ubpv4x\\"><span><span>Wallet for transfer:</span></span><strong></strong></div><div class=\\"css-ubpv4x\\"><span><span>Amount to transfer:</span></span><strong>1,000 Test input label</strong></div></div><div><div class=\\"css-ubpv4x\\"><span><span>Get on wallet:</span></span><strong>Test wallet</strong></div><div class=\\"css-ubpv4x\\"><span><span>Amount received:</span></span><strong>2,000 Test output label</strong></div></div></div><div class=\\"css-f37lyo\\"><p><span>Email:</span><strong>Tests email</strong></p><p><span><span>Full name:</span></span><strong>Tests username</strong></p><p><span>Status:</span><strong><span>Waiting for transfer</span></strong></p></div></div>"`;

exports[`Control panel: details tests Component markup Basic marup eng 1`] = `"<div class=\\"css-1vwsum4\\"><h3>Перевод № Test id</h3><div class=\\"css-ubpv4x\\"><div><div class=\\"css-ubpv4x\\"><span><span>Кошелек для перевода:</span></span><strong></strong></div><div class=\\"css-ubpv4x\\"><span><span>Сумму для перевода:</span></span><strong>1,000 Test input label</strong></div></div><div><div class=\\"css-ubpv4x\\"><span><span>Получить на кошелек:</span></span><strong>Test wallet</strong></div><div class=\\"css-ubpv4x\\"><span><span>Сумму получения:</span></span><strong>2,000 Test output label</strong></div></div></div><div class=\\"css-f37lyo\\"><p><span>Email:</span><strong>Tests email</strong></p><p><span><span>ФИО:</span></span><strong>Tests username</strong></p><p><span>Статус:</span><strong><span>Ожидает перевода</span></strong></p></div></div>"`;
