// Jest Snapshot v1, https://goo.gl/fbAQLP

exports[`Control panel: signin Component markup Basic markup 1`] = `"<div class=\\"css-18nqoil\\"><div><h2 class=\\"css-x184e\\"><span>Log in to your account</span></h2></div><label class=\\"css-gudk1o\\"><input placeholder=\\"Login\\" pattern=\\"[a-zа-яё]{2,}\\" type=\\"text\\" mask=\\"\\" class=\\"css-18b8ap6\\" value=\\"\\"></label><label class=\\"css-gudk1o\\"><input type=\\"password\\" pattern=\\"\\\\S{6,}\\" placeholder=\\"Full name\\" mask=\\"\\" class=\\"css-18b8ap6\\" value=\\"\\"></label><button cursor=\\"pointer\\" class=\\"css-8hkfp7\\"><div class=\\"css-1v1d0dg\\">Enter</div></button></div>"`;
