// Jest Snapshot v1, https://goo.gl/fbAQLP

exports[`Tests Markup Base markup 1`] = `"<div class=\\"css-72ota7\\"></div>"`;

exports[`Tests Markup Data markup 1`] = `"<div class=\\"css-72ota7\\">Test name</div>"`;

exports[`Tests Markup Data markup opened 1`] = `"<div class=\\"css-72ota7\\">Test name<ul><li>Цена в usd Test usd price</li><li><p>Резервы:</p><input name=\\"reserved\\" type=\\"text\\" value=\\"\\"></li><li><p>Кошелек для перевода:</p><input name=\\"source\\" type=\\"text\\" value=\\"\\"></li><li><p>Минимальная сумма для перевода:</p><input name=\\"minimal\\" type=\\"text\\" value=\\"\\"></li><button>Сохранить</button></ul></div>"`;
